running egg_info
creating build/tpf/TP_Final_Robotica.egg-info
writing build/tpf/TP_Final_Robotica.egg-info/PKG-INFO
writing dependency_links to build/tpf/TP_Final_Robotica.egg-info/dependency_links.txt
writing entry points to build/tpf/TP_Final_Robotica.egg-info/entry_points.txt
writing requirements to build/tpf/TP_Final_Robotica.egg-info/requires.txt
writing top-level names to build/tpf/TP_Final_Robotica.egg-info/top_level.txt
writing manifest file 'build/tpf/TP_Final_Robotica.egg-info/SOURCES.txt'
reading manifest file 'build/tpf/TP_Final_Robotica.egg-info/SOURCES.txt'
writing manifest file 'build/tpf/TP_Final_Robotica.egg-info/SOURCES.txt'
running build
running build_py
creating /home/romanella/Documents/ros2_ws/src/TP_Final_Robotica/build/tpf/build
creating /home/romanella/Documents/ros2_ws/src/TP_Final_Robotica/build/tpf/build/lib
creating /home/romanella/Documents/ros2_ws/src/TP_Final_Robotica/build/tpf/build/lib/TP_Final_Robotica
copying TP_Final_Robotica/gslam.py -> /home/romanella/Documents/ros2_ws/src/TP_Final_Robotica/build/tpf/build/lib/TP_Final_Robotica
copying TP_Final_Robotica/__init__.py -> /home/romanella/Documents/ros2_ws/src/TP_Final_Robotica/build/tpf/build/lib/TP_Final_Robotica
running install
running install_lib
creating /home/romanella/Documents/ros2_ws/src/TP_Final_Robotica/install/tpf/lib/python3.10/site-packages/TP_Final_Robotica
copying /home/romanella/Documents/ros2_ws/src/TP_Final_Robotica/build/tpf/build/lib/TP_Final_Robotica/gslam.py -> /home/romanella/Documents/ros2_ws/src/TP_Final_Robotica/install/tpf/lib/python3.10/site-packages/TP_Final_Robotica
copying /home/romanella/Documents/ros2_ws/src/TP_Final_Robotica/build/tpf/build/lib/TP_Final_Robotica/__init__.py -> /home/romanella/Documents/ros2_ws/src/TP_Final_Robotica/install/tpf/lib/python3.10/site-packages/TP_Final_Robotica
byte-compiling /home/romanella/Documents/ros2_ws/src/TP_Final_Robotica/install/tpf/lib/python3.10/site-packages/TP_Final_Robotica/gslam.py to gslam.cpython-310.pyc
byte-compiling /home/romanella/Documents/ros2_ws/src/TP_Final_Robotica/install/tpf/lib/python3.10/site-packages/TP_Final_Robotica/__init__.py to __init__.cpython-310.pyc
running install_data
copying resource/TP_Final_Robotica -> /home/romanella/Documents/ros2_ws/src/TP_Final_Robotica/install/tpf/share/ament_index/resource_index/packages
creating /home/romanella/Documents/ros2_ws/src/TP_Final_Robotica/install/tpf/share/TP_Final_Robotica
copying package.xml -> /home/romanella/Documents/ros2_ws/src/TP_Final_Robotica/install/tpf/share/TP_Final_Robotica
running install_egg_info
Copying build/tpf/TP_Final_Robotica.egg-info to /home/romanella/Documents/ros2_ws/src/TP_Final_Robotica/install/tpf/lib/python3.10/site-packages/TP_Final_Robotica-0.0.0-py3.10.egg-info
running install_scripts
writing list of installed files to '/home/romanella/Documents/ros2_ws/src/TP_Final_Robotica/build/tpf/install.log'
