[0.671s] Invoking command in '/home/franny/Documentos/UdeSA/TP_Final_Robotica/build/tpf': PYTHONPATH=/home/franny/Documentos/UdeSA/TP_Final_Robotica/build/tpf/prefix_override:/usr/lib/python3/dist-packages/colcon_core/task/python/colcon_distutils_commands:/home/franny/Documentos/UdeSA/TP_Final_Robotica/install/tpf/lib/python3.10/site-packages:${PYTHONPATH} /usr/bin/python3 -W ignore:setup.py install is deprecated -W ignore:easy_install command is deprecated setup.py develop --editable --build-directory /home/franny/Documentos/UdeSA/TP_Final_Robotica/build/tpf/build --no-deps symlink_data
[0.966s] running develop
[1.191s] running egg_info
[1.191s] writing tpf.egg-info/PKG-INFO
[1.191s] writing dependency_links to tpf.egg-info/dependency_links.txt
[1.192s] writing entry points to tpf.egg-info/entry_points.txt
[1.192s] writing requirements to tpf.egg-info/requires.txt
[1.192s] writing top-level names to tpf.egg-info/top_level.txt
[1.194s] reading manifest file 'tpf.egg-info/SOURCES.txt'
[1.194s] writing manifest file 'tpf.egg-info/SOURCES.txt'
[1.196s] running build_ext
[1.196s] Creating /home/franny/Documentos/UdeSA/TP_Final_Robotica/install/tpf/lib/python3.10/site-packages/tpf.egg-link (link to .)
[1.197s] Installing likelihood_field_node script to /home/franny/Documentos/UdeSA/TP_Final_Robotica/install/tpf/lib/tpf
[1.197s] Installing localization_node script to /home/franny/Documentos/UdeSA/TP_Final_Robotica/install/tpf/lib/tpf
[1.198s] Installing map_publisher script to /home/franny/Documentos/UdeSA/TP_Final_Robotica/install/tpf/lib/tpf
[1.198s] Installing robot_node script to /home/franny/Documentos/UdeSA/TP_Final_Robotica/install/tpf/lib/tpf
[1.198s] 
[1.198s] Installed /home/franny/Documentos/UdeSA/TP_Final_Robotica/build/tpf
[1.198s] running symlink_data
[1.198s] symbolically linking /home/franny/Documentos/UdeSA/TP_Final_Robotica/build/tpf/launch/simulation.launch.py -> /home/franny/Documentos/UdeSA/TP_Final_Robotica/install/tpf/share/tpf/launch
[1.240s] Invoked command in '/home/franny/Documentos/UdeSA/TP_Final_Robotica/build/tpf' returned '0': PYTHONPATH=/home/franny/Documentos/UdeSA/TP_Final_Robotica/build/tpf/prefix_override:/usr/lib/python3/dist-packages/colcon_core/task/python/colcon_distutils_commands:/home/franny/Documentos/UdeSA/TP_Final_Robotica/install/tpf/lib/python3.10/site-packages:${PYTHONPATH} /usr/bin/python3 -W ignore:setup.py install is deprecated -W ignore:easy_install command is deprecated setup.py develop --editable --build-directory /home/franny/Documentos/UdeSA/TP_Final_Robotica/build/tpf/build --no-deps symlink_data
