[0.795s] Invoking command in '/home/franny/Documentos/UdeSA/TP_Final_Robotica/build/tpf': PYTHONPATH=/home/franny/Documentos/UdeSA/TP_Final_Robotica/build/tpf/prefix_override:/usr/lib/python3/dist-packages/colcon_core/task/python/colcon_distutils_commands:/home/franny/Documentos/UdeSA/TP_Final_Robotica/install/tpf/lib/python3.10/site-packages:${PYTHONPATH} /usr/bin/python3 -W ignore:setup.py install is deprecated -W ignore:easy_install command is deprecated setup.py develop --editable --build-directory /home/franny/Documentos/UdeSA/TP_Final_Robotica/build/tpf/build --no-deps symlink_data
[1.095s] running develop
[1.330s] running egg_info
[1.330s] writing tpf.egg-info/PKG-INFO
[1.331s] writing dependency_links to tpf.egg-info/dependency_links.txt
[1.331s] writing entry points to tpf.egg-info/entry_points.txt
[1.332s] writing requirements to tpf.egg-info/requires.txt
[1.332s] writing top-level names to tpf.egg-info/top_level.txt
[1.337s] reading manifest file 'tpf.egg-info/SOURCES.txt'
[1.338s] writing manifest file 'tpf.egg-info/SOURCES.txt'
[1.340s] running build_ext
[1.340s] Creating /home/franny/Documentos/UdeSA/TP_Final_Robotica/install/tpf/lib/python3.10/site-packages/tpf.egg-link (link to .)
[1.341s] Installing likelihood_field_node script to /home/franny/Documentos/UdeSA/TP_Final_Robotica/install/tpf/lib/tpf
[1.341s] Installing localization_node script to /home/franny/Documentos/UdeSA/TP_Final_Robotica/install/tpf/lib/tpf
[1.341s] Installing map_publisher script to /home/franny/Documentos/UdeSA/TP_Final_Robotica/install/tpf/lib/tpf
[1.342s] Installing robot_node script to /home/franny/Documentos/UdeSA/TP_Final_Robotica/install/tpf/lib/tpf
[1.342s] 
[1.342s] Installed /home/franny/Documentos/UdeSA/TP_Final_Robotica/build/tpf
[1.342s] running symlink_data
[1.419s] Invoked command in '/home/franny/Documentos/UdeSA/TP_Final_Robotica/build/tpf' returned '0': PYTHONPATH=/home/franny/Documentos/UdeSA/TP_Final_Robotica/build/tpf/prefix_override:/usr/lib/python3/dist-packages/colcon_core/task/python/colcon_distutils_commands:/home/franny/Documentos/UdeSA/TP_Final_Robotica/install/tpf/lib/python3.10/site-packages:${PYTHONPATH} /usr/bin/python3 -W ignore:setup.py install is deprecated -W ignore:easy_install command is deprecated setup.py develop --editable --build-directory /home/franny/Documentos/UdeSA/TP_Final_Robotica/build/tpf/build --no-deps symlink_data
