running develop
Removing /home/franny/Documentos/UdeSA/TP_Final_Robotica/install/tpf/lib/python3.10/site-packages/tpf.egg-link (link to .)
running egg_info
writing build/tpf/tpf.egg-info/PKG-INFO
writing dependency_links to build/tpf/tpf.egg-info/dependency_links.txt
writing entry points to build/tpf/tpf.egg-info/entry_points.txt
writing requirements to build/tpf/tpf.egg-info/requires.txt
writing top-level names to build/tpf/tpf.egg-info/top_level.txt
reading manifest file 'build/tpf/tpf.egg-info/SOURCES.txt'
writing manifest file 'build/tpf/tpf.egg-info/SOURCES.txt'
running build
running build_py
creating /home/franny/Documentos/UdeSA/TP_Final_Robotica/build/tpf/build
creating /home/franny/Documentos/UdeSA/TP_Final_Robotica/build/tpf/build/lib
creating /home/franny/Documentos/UdeSA/TP_Final_Robotica/build/tpf/build/lib/tpf
copying tpf/robot.py -> /home/franny/Documentos/UdeSA/TP_Final_Robotica/build/tpf/build/lib/tpf
copying tpf/particle_filter.py -> /home/franny/Documentos/UdeSA/TP_Final_Robotica/build/tpf/build/lib/tpf
copying tpf/map_publisher.py -> /home/franny/Documentos/UdeSA/TP_Final_Robotica/build/tpf/build/lib/tpf
copying tpf/likelihood_field.py -> /home/franny/Documentos/UdeSA/TP_Final_Robotica/build/tpf/build/lib/tpf
copying tpf/localization_node.py -> /home/franny/Documentos/UdeSA/TP_Final_Robotica/build/tpf/build/lib/tpf
copying tpf/__init__.py -> /home/franny/Documentos/UdeSA/TP_Final_Robotica/build/tpf/build/lib/tpf
copying tpf/gslam.py -> /home/franny/Documentos/UdeSA/TP_Final_Robotica/build/tpf/build/lib/tpf
running install
running install_lib
creating /home/franny/Documentos/UdeSA/TP_Final_Robotica/install/tpf/lib/python3.10/site-packages/tpf
copying /home/franny/Documentos/UdeSA/TP_Final_Robotica/build/tpf/build/lib/tpf/robot.py -> /home/franny/Documentos/UdeSA/TP_Final_Robotica/install/tpf/lib/python3.10/site-packages/tpf
copying /home/franny/Documentos/UdeSA/TP_Final_Robotica/build/tpf/build/lib/tpf/particle_filter.py -> /home/franny/Documentos/UdeSA/TP_Final_Robotica/install/tpf/lib/python3.10/site-packages/tpf
copying /home/franny/Documentos/UdeSA/TP_Final_Robotica/build/tpf/build/lib/tpf/map_publisher.py -> /home/franny/Documentos/UdeSA/TP_Final_Robotica/install/tpf/lib/python3.10/site-packages/tpf
copying /home/franny/Documentos/UdeSA/TP_Final_Robotica/build/tpf/build/lib/tpf/likelihood_field.py -> /home/franny/Documentos/UdeSA/TP_Final_Robotica/install/tpf/lib/python3.10/site-packages/tpf
copying /home/franny/Documentos/UdeSA/TP_Final_Robotica/build/tpf/build/lib/tpf/localization_node.py -> /home/franny/Documentos/UdeSA/TP_Final_Robotica/install/tpf/lib/python3.10/site-packages/tpf
copying /home/franny/Documentos/UdeSA/TP_Final_Robotica/build/tpf/build/lib/tpf/__init__.py -> /home/franny/Documentos/UdeSA/TP_Final_Robotica/install/tpf/lib/python3.10/site-packages/tpf
copying /home/franny/Documentos/UdeSA/TP_Final_Robotica/build/tpf/build/lib/tpf/gslam.py -> /home/franny/Documentos/UdeSA/TP_Final_Robotica/install/tpf/lib/python3.10/site-packages/tpf
byte-compiling /home/franny/Documentos/UdeSA/TP_Final_Robotica/install/tpf/lib/python3.10/site-packages/tpf/robot.py to robot.cpython-310.pyc
byte-compiling /home/franny/Documentos/UdeSA/TP_Final_Robotica/install/tpf/lib/python3.10/site-packages/tpf/particle_filter.py to particle_filter.cpython-310.pyc
byte-compiling /home/franny/Documentos/UdeSA/TP_Final_Robotica/install/tpf/lib/python3.10/site-packages/tpf/map_publisher.py to map_publisher.cpython-310.pyc
byte-compiling /home/franny/Documentos/UdeSA/TP_Final_Robotica/install/tpf/lib/python3.10/site-packages/tpf/likelihood_field.py to likelihood_field.cpython-310.pyc
byte-compiling /home/franny/Documentos/UdeSA/TP_Final_Robotica/install/tpf/lib/python3.10/site-packages/tpf/localization_node.py to localization_node.cpython-310.pyc
byte-compiling /home/franny/Documentos/UdeSA/TP_Final_Robotica/install/tpf/lib/python3.10/site-packages/tpf/__init__.py to __init__.cpython-310.pyc
byte-compiling /home/franny/Documentos/UdeSA/TP_Final_Robotica/install/tpf/lib/python3.10/site-packages/tpf/gslam.py to gslam.cpython-310.pyc
running install_data
copying resource/tpf -> /home/franny/Documentos/UdeSA/TP_Final_Robotica/install/tpf/share/ament_index/resource_index/packages
copying package.xml -> /home/franny/Documentos/UdeSA/TP_Final_Robotica/install/tpf/share/tpf
copying launch/rviz.launch.py -> /home/franny/Documentos/UdeSA/TP_Final_Robotica/install/tpf/share/tpf/launch
copying rviz/tp_final.rviz -> /home/franny/Documentos/UdeSA/TP_Final_Robotica/install/tpf/share/tpf/rviz
running install_egg_info
Copying build/tpf/tpf.egg-info to /home/franny/Documentos/UdeSA/TP_Final_Robotica/install/tpf/lib/python3.10/site-packages/tpf-0.0.0-py3.10.egg-info
running install_scripts
Installing likelihood_field_node script to /home/franny/Documentos/UdeSA/TP_Final_Robotica/install/tpf/lib/tpf
Installing localization_node script to /home/franny/Documentos/UdeSA/TP_Final_Robotica/install/tpf/lib/tpf
Installing map_publisher script to /home/franny/Documentos/UdeSA/TP_Final_Robotica/install/tpf/lib/tpf
Installing robot_node script to /home/franny/Documentos/UdeSA/TP_Final_Robotica/install/tpf/lib/tpf
writing list of installed files to '/home/franny/Documentos/UdeSA/TP_Final_Robotica/build/tpf/install.log'
