[0.367s] Invoking command in '/home/romanella/Documents/ros2_ws/src/TP_Final_Robotica/build/tpf': PYTHONPATH=/home/romanella/Documents/ros2_ws/src/TP_Final_Robotica/build/tpf/prefix_override:/usr/lib/python3/dist-packages/colcon_core/task/python/colcon_distutils_commands:/home/romanella/Documents/ros2_ws/src/TP_Final_Robotica/install/tpf/lib/python3.10/site-packages:${PYTHONPATH} /usr/bin/python3 -W ignore:setup.py install is deprecated -W ignore:easy_install command is deprecated setup.py develop --editable --build-directory /home/romanella/Documents/ros2_ws/src/TP_Final_Robotica/build/tpf/build --no-deps symlink_data
[0.521s] running develop
[0.615s] running egg_info
[0.615s] creating tpf.egg-info
[0.615s] writing tpf.egg-info/PKG-INFO
[0.615s] writing dependency_links to tpf.egg-info/dependency_links.txt
[0.615s] writing entry points to tpf.egg-info/entry_points.txt
[0.615s] writing requirements to tpf.egg-info/requires.txt
[0.615s] writing top-level names to tpf.egg-info/top_level.txt
[0.616s] writing manifest file 'tpf.egg-info/SOURCES.txt'
[0.617s] reading manifest file 'tpf.egg-info/SOURCES.txt'
[0.617s] writing manifest file 'tpf.egg-info/SOURCES.txt'
[0.618s] running build_ext
[0.618s] Creating /home/romanella/Documents/ros2_ws/src/TP_Final_Robotica/install/tpf/lib/python3.10/site-packages/tpf.egg-link (link to .)
[0.618s] Installing likelihood_field_node script to /home/romanella/Documents/ros2_ws/src/TP_Final_Robotica/install/tpf/lib/tpf
[0.618s] Installing localization_node script to /home/romanella/Documents/ros2_ws/src/TP_Final_Robotica/install/tpf/lib/tpf
[0.618s] Installing map_publisher script to /home/romanella/Documents/ros2_ws/src/TP_Final_Robotica/install/tpf/lib/tpf
[0.619s] Installing robot_node script to /home/romanella/Documents/ros2_ws/src/TP_Final_Robotica/install/tpf/lib/tpf
[0.619s] 
[0.619s] Installed /home/romanella/Documents/ros2_ws/src/TP_Final_Robotica/build/tpf
[0.619s] running symlink_data
[0.619s] creating /home/romanella/Documents/ros2_ws/src/TP_Final_Robotica/install/tpf/share/ament_index
[0.619s] creating /home/romanella/Documents/ros2_ws/src/TP_Final_Robotica/install/tpf/share/ament_index/resource_index
[0.619s] creating /home/romanella/Documents/ros2_ws/src/TP_Final_Robotica/install/tpf/share/ament_index/resource_index/packages
[0.619s] symbolically linking /home/romanella/Documents/ros2_ws/src/TP_Final_Robotica/build/tpf/resource/tpf -> /home/romanella/Documents/ros2_ws/src/TP_Final_Robotica/install/tpf/share/ament_index/resource_index/packages
[0.619s] symbolically linking /home/romanella/Documents/ros2_ws/src/TP_Final_Robotica/build/tpf/package.xml -> /home/romanella/Documents/ros2_ws/src/TP_Final_Robotica/install/tpf/share/tpf
[0.619s] creating /home/romanella/Documents/ros2_ws/src/TP_Final_Robotica/install/tpf/share/tpf/launch
[0.619s] symbolically linking /home/romanella/Documents/ros2_ws/src/TP_Final_Robotica/build/tpf/launch/simulation.launch.py -> /home/romanella/Documents/ros2_ws/src/TP_Final_Robotica/install/tpf/share/tpf/launch
[0.619s] creating /home/romanella/Documents/ros2_ws/src/TP_Final_Robotica/install/tpf/share/tpf/rviz
[0.619s] symbolically linking /home/romanella/Documents/ros2_ws/src/TP_Final_Robotica/build/tpf/rviz/tp_final.rviz -> /home/romanella/Documents/ros2_ws/src/TP_Final_Robotica/install/tpf/share/tpf/rviz
[0.640s] Invoked command in '/home/romanella/Documents/ros2_ws/src/TP_Final_Robotica/build/tpf' returned '0': PYTHONPATH=/home/romanella/Documents/ros2_ws/src/TP_Final_Robotica/build/tpf/prefix_override:/usr/lib/python3/dist-packages/colcon_core/task/python/colcon_distutils_commands:/home/romanella/Documents/ros2_ws/src/TP_Final_Robotica/install/tpf/lib/python3.10/site-packages:${PYTHONPATH} /usr/bin/python3 -W ignore:setup.py install is deprecated -W ignore:easy_install command is deprecated setup.py develop --editable --build-directory /home/romanella/Documents/ros2_ws/src/TP_Final_Robotica/build/tpf/build --no-deps symlink_data
