[0.692s] Invoking command in '/home/franny/Documentos/UdeSA/TP_Final_Robotica/build/tpf': PYTHONPATH=/home/franny/Documentos/UdeSA/TP_Final_Robotica/build/tpf/prefix_override:/usr/lib/python3/dist-packages/colcon_core/task/python/colcon_distutils_commands:/home/franny/Documentos/UdeSA/TP_Final_Robotica/install/tpf/lib/python3.10/site-packages:${PYTHONPATH} /usr/bin/python3 -W ignore:setup.py install is deprecated -W ignore:easy_install command is deprecated setup.py develop --editable --build-directory /home/franny/Documentos/UdeSA/TP_Final_Robotica/build/tpf/build --no-deps symlink_data
[0.973s] running develop
[1.187s] running egg_info
[1.187s] writing tpf.egg-info/PKG-INFO
[1.187s] writing dependency_links to tpf.egg-info/dependency_links.txt
[1.188s] writing entry points to tpf.egg-info/entry_points.txt
[1.188s] writing requirements to tpf.egg-info/requires.txt
[1.188s] writing top-level names to tpf.egg-info/top_level.txt
[1.189s] reading manifest file 'tpf.egg-info/SOURCES.txt'
[1.190s] writing manifest file 'tpf.egg-info/SOURCES.txt'
[1.191s] running build_ext
[1.191s] Creating /home/franny/Documentos/UdeSA/TP_Final_Robotica/install/tpf/lib/python3.10/site-packages/tpf.egg-link (link to .)
[1.192s] Installing likelihood_field_node script to /home/franny/Documentos/UdeSA/TP_Final_Robotica/install/tpf/lib/tpf
[1.192s] Installing localization_node script to /home/franny/Documentos/UdeSA/TP_Final_Robotica/install/tpf/lib/tpf
[1.192s] Installing map_publisher script to /home/franny/Documentos/UdeSA/TP_Final_Robotica/install/tpf/lib/tpf
[1.192s] Installing robot_node script to /home/franny/Documentos/UdeSA/TP_Final_Robotica/install/tpf/lib/tpf
[1.192s] 
[1.193s] Installed /home/franny/Documentos/UdeSA/TP_Final_Robotica/build/tpf
[1.193s] running symlink_data
[1.232s] Invoked command in '/home/franny/Documentos/UdeSA/TP_Final_Robotica/build/tpf' returned '0': PYTHONPATH=/home/franny/Documentos/UdeSA/TP_Final_Robotica/build/tpf/prefix_override:/usr/lib/python3/dist-packages/colcon_core/task/python/colcon_distutils_commands:/home/franny/Documentos/UdeSA/TP_Final_Robotica/install/tpf/lib/python3.10/site-packages:${PYTHONPATH} /usr/bin/python3 -W ignore:setup.py install is deprecated -W ignore:easy_install command is deprecated setup.py develop --editable --build-directory /home/franny/Documentos/UdeSA/TP_Final_Robotica/build/tpf/build --no-deps symlink_data
