[0.047s] DEBUG:colcon:Command line arguments: ['/usr/bin/colcon', 'build', '--symlink-install']
[0.047s] DEBUG:colcon:Parsed command line arguments: Namespace(log_base=None, log_level=None, verb_name='build', build_base='build', install_base='install', merge_install=False, symlink_install=True, test_result_base=None, continue_on_error=False, executor='parallel', parallel_workers=28, event_handlers=None, ignore_user_meta=False, metas=['./colcon.meta'], base_paths=['.'], packages_ignore=None, packages_ignore_regex=None, paths=None, packages_up_to=None, packages_up_to_regex=None, packages_above=None, packages_above_and_dependencies=None, packages_above_depth=None, packages_select_by_dep=None, packages_skip_by_dep=None, packages_skip_up_to=None, packages_select_build_failed=False, packages_skip_build_finished=False, packages_select_test_failures=False, packages_skip_test_passed=False, packages_select=None, packages_skip=None, packages_select_regex=None, packages_skip_regex=None, packages_start=None, packages_end=None, allow_overriding=[], cmake_args=None, cmake_target=None, cmake_target_skip_unavailable=False, cmake_clean_cache=False, cmake_clean_first=False, cmake_force_configure=False, ament_cmake_args=None, catkin_cmake_args=None, catkin_skip_building_tests=False, mixin_files=None, mixin=None, verb_parser=<colcon_mixin.mixin.mixin_argument.MixinArgumentDecorator object at 0x7e275645b490>, verb_extension=<colcon_core.verb.build.BuildVerb object at 0x7e27565a0430>, main=<bound method BuildVerb.main of <colcon_core.verb.build.BuildVerb object at 0x7e27565a0430>>, mixin_verb=('build',))
[0.115s] Level 1:colcon.colcon_core.package_discovery:discover_packages(colcon_meta) check parameters
[0.115s] Level 1:colcon.colcon_core.package_discovery:discover_packages(recursive) check parameters
[0.115s] Level 1:colcon.colcon_core.package_discovery:discover_packages(ignore) check parameters
[0.115s] Level 1:colcon.colcon_core.package_discovery:discover_packages(path) check parameters
[0.115s] Level 1:colcon.colcon_core.package_discovery:discover_packages(colcon_meta) discover
[0.115s] Level 1:colcon.colcon_core.package_discovery:discover_packages(recursive) discover
[0.115s] INFO:colcon.colcon_core.package_discovery:Crawling recursively for packages in '/home/alumno1/Downloads/TP_Final_Robotica-Localizing'
[0.115s] Level 1:colcon.colcon_core.package_identification:_identify(.) by extensions ['ignore', 'ignore_ament_install']
[0.116s] Level 1:colcon.colcon_core.package_identification:_identify(.) by extension 'ignore'
[0.116s] Level 1:colcon.colcon_core.package_identification:_identify(.) by extension 'ignore_ament_install'
[0.116s] Level 1:colcon.colcon_core.package_identification:_identify(.) by extensions ['colcon_pkg']
[0.116s] Level 1:colcon.colcon_core.package_identification:_identify(.) by extension 'colcon_pkg'
[0.116s] Level 1:colcon.colcon_core.package_identification:_identify(.) by extensions ['colcon_meta']
[0.116s] Level 1:colcon.colcon_core.package_identification:_identify(.) by extension 'colcon_meta'
[0.116s] Level 1:colcon.colcon_core.package_identification:_identify(.) by extensions ['ros']
[0.116s] Level 1:colcon.colcon_core.package_identification:_identify(.) by extension 'ros'
[0.122s] DEBUG:colcon.colcon_core.package_identification:Package '.' with type 'ros.ament_python' and name 'tpf'
[0.122s] Level 1:colcon.colcon_core.package_discovery:discover_packages(recursive) using defaults
[0.122s] Level 1:colcon.colcon_core.package_discovery:discover_packages(ignore) discover
[0.122s] Level 1:colcon.colcon_core.package_discovery:discover_packages(ignore) using defaults
[0.122s] Level 1:colcon.colcon_core.package_discovery:discover_packages(path) discover
[0.122s] Level 1:colcon.colcon_core.package_discovery:discover_packages(path) using defaults
[0.135s] Level 1:colcon.colcon_core.package_discovery:discover_packages(prefix_path) check parameters
[0.135s] Level 1:colcon.colcon_core.package_discovery:discover_packages(prefix_path) discover
[0.135s] WARNING:colcon.colcon_core.prefix_path.colcon:The path '/home/alumno1/Downloads/TP_Final_Robotica-eec201b99e97bec1801a542f9a98f4b557f5e5db/install' in the environment variable COLCON_PREFIX_PATH doesn't exist
[0.135s] WARNING:colcon.colcon_ros.prefix_path.ament:The path '/home/alumno1/Downloads/TP_Final_Robotica-eec201b99e97bec1801a542f9a98f4b557f5e5db/install/tpf' in the environment variable AMENT_PREFIX_PATH doesn't exist
[0.136s] DEBUG:colcon.colcon_installed_package_information.package_discovery:Found 1 installed packages in /home/alumno1/Downloads/TP_Final_Robotica-Localizing/install
[0.136s] DEBUG:colcon.colcon_installed_package_information.package_discovery:Found 16 installed packages in /home/alumno1/turtlebot3_ws/install
[0.137s] DEBUG:colcon.colcon_installed_package_information.package_discovery:Found 363 installed packages in /opt/ros/humble
[0.138s] Level 1:colcon.colcon_core.package_discovery:discover_packages(prefix_path) using defaults
[0.156s] Level 5:colcon.colcon_core.verb:set package 'tpf' build argument 'cmake_args' from command line to 'None'
[0.156s] Level 5:colcon.colcon_core.verb:set package 'tpf' build argument 'cmake_target' from command line to 'None'
[0.156s] Level 5:colcon.colcon_core.verb:set package 'tpf' build argument 'cmake_target_skip_unavailable' from command line to 'False'
[0.156s] Level 5:colcon.colcon_core.verb:set package 'tpf' build argument 'cmake_clean_cache' from command line to 'False'
[0.156s] Level 5:colcon.colcon_core.verb:set package 'tpf' build argument 'cmake_clean_first' from command line to 'False'
[0.156s] Level 5:colcon.colcon_core.verb:set package 'tpf' build argument 'cmake_force_configure' from command line to 'False'
[0.156s] Level 5:colcon.colcon_core.verb:set package 'tpf' build argument 'ament_cmake_args' from command line to 'None'
[0.156s] Level 5:colcon.colcon_core.verb:set package 'tpf' build argument 'catkin_cmake_args' from command line to 'None'
[0.156s] Level 5:colcon.colcon_core.verb:set package 'tpf' build argument 'catkin_skip_building_tests' from command line to 'False'
[0.156s] DEBUG:colcon.colcon_core.verb:Building package 'tpf' with the following arguments: {'ament_cmake_args': None, 'build_base': '/home/alumno1/Downloads/TP_Final_Robotica-Localizing/build/tpf', 'catkin_cmake_args': None, 'catkin_skip_building_tests': False, 'cmake_args': None, 'cmake_clean_cache': False, 'cmake_clean_first': False, 'cmake_force_configure': False, 'cmake_target': None, 'cmake_target_skip_unavailable': False, 'install_base': '/home/alumno1/Downloads/TP_Final_Robotica-Localizing/install/tpf', 'merge_install': False, 'path': '/home/alumno1/Downloads/TP_Final_Robotica-Localizing', 'symlink_install': True, 'test_result_base': None}
[0.156s] INFO:colcon.colcon_core.executor:Executing jobs using 'parallel' executor
[0.157s] DEBUG:colcon.colcon_parallel_executor.executor.parallel:run_until_complete
[0.157s] INFO:colcon.colcon_ros.task.ament_python.build:Building ROS package in '/home/alumno1/Downloads/TP_Final_Robotica-Localizing' with build type 'ament_python'
[0.157s] Level 1:colcon.colcon_core.shell:create_environment_hook('tpf', 'ament_prefix_path')
[0.158s] INFO:colcon.colcon_core.plugin_system:Skipping extension 'colcon_core.shell.bat': Not used on non-Windows systems
[0.158s] INFO:colcon.colcon_core.shell:Creating environment hook '/home/alumno1/Downloads/TP_Final_Robotica-Localizing/install/tpf/share/tpf/hook/ament_prefix_path.ps1'
[0.158s] INFO:colcon.colcon_core.shell:Creating environment descriptor '/home/alumno1/Downloads/TP_Final_Robotica-Localizing/install/tpf/share/tpf/hook/ament_prefix_path.dsv'
[0.158s] INFO:colcon.colcon_core.shell:Creating environment hook '/home/alumno1/Downloads/TP_Final_Robotica-Localizing/install/tpf/share/tpf/hook/ament_prefix_path.sh'
[0.158s] INFO:colcon.colcon_core.shell:Skip shell extension 'powershell' for command environment: Not usable outside of PowerShell
[0.158s] DEBUG:colcon.colcon_core.shell:Skip shell extension 'dsv' for command environment
[0.280s] INFO:colcon.colcon_core.task.python.build:Building Python package in '/home/alumno1/Downloads/TP_Final_Robotica-Localizing'
[0.280s] INFO:colcon.colcon_core.shell:Skip shell extension 'powershell' for command environment: Not usable outside of PowerShell
[0.280s] DEBUG:colcon.colcon_core.shell:Skip shell extension 'dsv' for command environment
[0.449s] DEBUG:colcon.colcon_core.event_handler.log_command:Invoking command in '/home/alumno1/Downloads/TP_Final_Robotica-Localizing/build/tpf': PYTHONPATH=/home/alumno1/Downloads/TP_Final_Robotica-Localizing/build/tpf/prefix_override:/usr/lib/python3/dist-packages/colcon_core/task/python/colcon_distutils_commands:/home/alumno1/Downloads/TP_Final_Robotica-Localizing/install/tpf/lib/python3.10/site-packages:${PYTHONPATH} /usr/bin/python3 -W ignore:setup.py install is deprecated -W ignore:easy_install command is deprecated setup.py develop --editable --build-directory /home/alumno1/Downloads/TP_Final_Robotica-Localizing/build/tpf/build --no-deps symlink_data
[0.640s] Level 1:colcon.colcon_core.shell:create_environment_hook('tpf', 'pythonpath_develop')
[0.640s] INFO:colcon.colcon_core.shell:Creating environment hook '/home/alumno1/Downloads/TP_Final_Robotica-Localizing/build/tpf/share/tpf/hook/pythonpath_develop.ps1'
[0.640s] DEBUG:colcon.colcon_core.event_handler.log_command:Invoked command in '/home/alumno1/Downloads/TP_Final_Robotica-Localizing/build/tpf' returned '0': PYTHONPATH=/home/alumno1/Downloads/TP_Final_Robotica-Localizing/build/tpf/prefix_override:/usr/lib/python3/dist-packages/colcon_core/task/python/colcon_distutils_commands:/home/alumno1/Downloads/TP_Final_Robotica-Localizing/install/tpf/lib/python3.10/site-packages:${PYTHONPATH} /usr/bin/python3 -W ignore:setup.py install is deprecated -W ignore:easy_install command is deprecated setup.py develop --editable --build-directory /home/alumno1/Downloads/TP_Final_Robotica-Localizing/build/tpf/build --no-deps symlink_data
[0.640s] INFO:colcon.colcon_core.shell:Creating environment descriptor '/home/alumno1/Downloads/TP_Final_Robotica-Localizing/build/tpf/share/tpf/hook/pythonpath_develop.dsv'
[0.640s] INFO:colcon.colcon_core.shell:Creating environment hook '/home/alumno1/Downloads/TP_Final_Robotica-Localizing/build/tpf/share/tpf/hook/pythonpath_develop.sh'
[0.641s] Level 1:colcon.colcon_core.environment:checking '/home/alumno1/Downloads/TP_Final_Robotica-Localizing/install/tpf' for CMake module files
[0.642s] Level 1:colcon.colcon_core.environment:checking '/home/alumno1/Downloads/TP_Final_Robotica-Localizing/install/tpf' for CMake config files
[0.642s] Level 1:colcon.colcon_core.environment:checking '/home/alumno1/Downloads/TP_Final_Robotica-Localizing/install/tpf/lib'
[0.642s] Level 1:colcon.colcon_core.environment:checking '/home/alumno1/Downloads/TP_Final_Robotica-Localizing/install/tpf/bin'
[0.642s] Level 1:colcon.colcon_core.environment:checking '/home/alumno1/Downloads/TP_Final_Robotica-Localizing/install/tpf/lib/pkgconfig/tpf.pc'
[0.642s] Level 1:colcon.colcon_core.environment:checking '/home/alumno1/Downloads/TP_Final_Robotica-Localizing/install/tpf/lib/python3.10/site-packages'
[0.642s] Level 1:colcon.colcon_core.shell:create_environment_hook('tpf', 'pythonpath')
[0.642s] INFO:colcon.colcon_core.shell:Creating environment hook '/home/alumno1/Downloads/TP_Final_Robotica-Localizing/install/tpf/share/tpf/hook/pythonpath.ps1'
[0.642s] INFO:colcon.colcon_core.shell:Creating environment descriptor '/home/alumno1/Downloads/TP_Final_Robotica-Localizing/install/tpf/share/tpf/hook/pythonpath.dsv'
[0.642s] INFO:colcon.colcon_core.shell:Creating environment hook '/home/alumno1/Downloads/TP_Final_Robotica-Localizing/install/tpf/share/tpf/hook/pythonpath.sh'
[0.643s] Level 1:colcon.colcon_core.environment:checking '/home/alumno1/Downloads/TP_Final_Robotica-Localizing/install/tpf/bin'
[0.643s] Level 1:colcon.colcon_core.environment:create_environment_scripts_only(tpf)
[0.643s] INFO:colcon.colcon_core.shell:Creating package script '/home/alumno1/Downloads/TP_Final_Robotica-Localizing/install/tpf/share/tpf/package.ps1'
[0.643s] INFO:colcon.colcon_core.shell:Creating package descriptor '/home/alumno1/Downloads/TP_Final_Robotica-Localizing/install/tpf/share/tpf/package.dsv'
[0.644s] INFO:colcon.colcon_core.shell:Creating package script '/home/alumno1/Downloads/TP_Final_Robotica-Localizing/install/tpf/share/tpf/package.sh'
[0.644s] INFO:colcon.colcon_core.shell:Creating package script '/home/alumno1/Downloads/TP_Final_Robotica-Localizing/install/tpf/share/tpf/package.bash'
[0.645s] INFO:colcon.colcon_core.shell:Creating package script '/home/alumno1/Downloads/TP_Final_Robotica-Localizing/install/tpf/share/tpf/package.zsh'
[0.645s] Level 1:colcon.colcon_core.environment:create_file_with_runtime_dependencies(/home/alumno1/Downloads/TP_Final_Robotica-Localizing/install/tpf/share/colcon-core/packages/tpf)
[0.645s] DEBUG:colcon.colcon_parallel_executor.executor.parallel:closing loop
[0.645s] DEBUG:colcon.colcon_parallel_executor.executor.parallel:loop closed
[0.645s] DEBUG:colcon.colcon_parallel_executor.executor.parallel:run_until_complete finished with '0'
[0.645s] DEBUG:colcon.colcon_core.event_reactor:joining thread
[0.648s] INFO:colcon.colcon_core.plugin_system:Skipping extension 'colcon_notification.desktop_notification.terminal_notifier': Not used on non-Darwin systems
[0.648s] INFO:colcon.colcon_core.plugin_system:Skipping extension 'colcon_notification.desktop_notification.win32': Not used on non-Windows systems
[0.648s] INFO:colcon.colcon_notification.desktop_notification:Sending desktop notification using 'notify2'
[0.653s] DEBUG:colcon.colcon_core.event_reactor:joined thread
[0.653s] INFO:colcon.colcon_core.shell:Creating prefix script '/home/alumno1/Downloads/TP_Final_Robotica-Localizing/install/local_setup.ps1'
[0.653s] INFO:colcon.colcon_core.shell:Creating prefix util module '/home/alumno1/Downloads/TP_Final_Robotica-Localizing/install/_local_setup_util_ps1.py'
[0.654s] INFO:colcon.colcon_core.shell:Creating prefix chain script '/home/alumno1/Downloads/TP_Final_Robotica-Localizing/install/setup.ps1'
[0.655s] INFO:colcon.colcon_core.shell:Creating prefix script '/home/alumno1/Downloads/TP_Final_Robotica-Localizing/install/local_setup.sh'
[0.655s] INFO:colcon.colcon_core.shell:Creating prefix util module '/home/alumno1/Downloads/TP_Final_Robotica-Localizing/install/_local_setup_util_sh.py'
[0.655s] INFO:colcon.colcon_core.shell:Creating prefix chain script '/home/alumno1/Downloads/TP_Final_Robotica-Localizing/install/setup.sh'
[0.656s] INFO:colcon.colcon_core.shell:Creating prefix script '/home/alumno1/Downloads/TP_Final_Robotica-Localizing/install/local_setup.bash'
[0.656s] INFO:colcon.colcon_core.shell:Creating prefix chain script '/home/alumno1/Downloads/TP_Final_Robotica-Localizing/install/setup.bash'
[0.656s] INFO:colcon.colcon_core.shell:Creating prefix script '/home/alumno1/Downloads/TP_Final_Robotica-Localizing/install/local_setup.zsh'
[0.656s] INFO:colcon.colcon_core.shell:Creating prefix chain script '/home/alumno1/Downloads/TP_Final_Robotica-Localizing/install/setup.zsh'
