running develop
running egg_info
creating tpf.egg-info
writing tpf.egg-info/PKG-INFO
writing dependency_links to tpf.egg-info/dependency_links.txt
writing entry points to tpf.egg-info/entry_points.txt
writing requirements to tpf.egg-info/requires.txt
writing top-level names to tpf.egg-info/top_level.txt
writing manifest file 'tpf.egg-info/SOURCES.txt'
reading manifest file 'tpf.egg-info/SOURCES.txt'
writing manifest file 'tpf.egg-info/SOURCES.txt'
running build_ext
Creating /home/alumno1/Downloads/TP_Final_Robotica-Localizing/install/tpf/lib/python3.10/site-packages/tpf.egg-link (link to .)
Installing likelihood_field_node script to /home/alumno1/Downloads/TP_Final_Robotica-Localizing/install/tpf/lib/tpf
Installing localization_node script to /home/alumno1/Downloads/TP_Final_Robotica-Localizing/install/tpf/lib/tpf
Installing map_publisher script to /home/alumno1/Downloads/TP_Final_Robotica-Localizing/install/tpf/lib/tpf
Installing robot_node script to /home/alumno1/Downloads/TP_Final_Robotica-Localizing/install/tpf/lib/tpf

Installed /home/alumno1/Downloads/TP_Final_Robotica-Localizing/build/tpf
running symlink_data
creating /home/alumno1/Downloads/TP_Final_Robotica-Localizing/install/tpf/share/ament_index
creating /home/alumno1/Downloads/TP_Final_Robotica-Localizing/install/tpf/share/ament_index/resource_index
creating /home/alumno1/Downloads/TP_Final_Robotica-Localizing/install/tpf/share/ament_index/resource_index/packages
symbolically linking /home/alumno1/Downloads/TP_Final_Robotica-Localizing/build/tpf/resource/tpf -> /home/alumno1/Downloads/TP_Final_Robotica-Localizing/install/tpf/share/ament_index/resource_index/packages
symbolically linking /home/alumno1/Downloads/TP_Final_Robotica-Localizing/build/tpf/package.xml -> /home/alumno1/Downloads/TP_Final_Robotica-Localizing/install/tpf/share/tpf
creating /home/alumno1/Downloads/TP_Final_Robotica-Localizing/install/tpf/share/tpf/launch
symbolically linking /home/alumno1/Downloads/TP_Final_Robotica-Localizing/build/tpf/launch/simulation.launch.py -> /home/alumno1/Downloads/TP_Final_Robotica-Localizing/install/tpf/share/tpf/launch
creating /home/alumno1/Downloads/TP_Final_Robotica-Localizing/install/tpf/share/tpf/rviz
symbolically linking /home/alumno1/Downloads/TP_Final_Robotica-Localizing/build/tpf/rviz/tp_final.rviz -> /home/alumno1/Downloads/TP_Final_Robotica-Localizing/install/tpf/share/tpf/rviz
