[0.696s] Invoking command in '/home/franny/Documentos/UdeSA/TP_Final_Robotica/build/tpf': PYTHONPATH=/home/franny/Documentos/UdeSA/TP_Final_Robotica/build/tpf/prefix_override:/usr/lib/python3/dist-packages/colcon_core/task/python/colcon_distutils_commands:/home/franny/Documentos/UdeSA/TP_Final_Robotica/install/tpf/lib/python3.10/site-packages:${PYTHONPATH} /usr/bin/python3 -W ignore:setup.py install is deprecated -W ignore:easy_install command is deprecated setup.py develop --editable --build-directory /home/franny/Documentos/UdeSA/TP_Final_Robotica/build/tpf/build --no-deps symlink_data
[0.977s] running develop
[1.185s] running egg_info
[1.185s] writing tpf.egg-info/PKG-INFO
[1.186s] writing dependency_links to tpf.egg-info/dependency_links.txt
[1.186s] writing entry points to tpf.egg-info/entry_points.txt
[1.186s] writing requirements to tpf.egg-info/requires.txt
[1.186s] writing top-level names to tpf.egg-info/top_level.txt
[1.187s] reading manifest file 'tpf.egg-info/SOURCES.txt'
[1.188s] writing manifest file 'tpf.egg-info/SOURCES.txt'
[1.190s] running build_ext
[1.190s] Creating /home/franny/Documentos/UdeSA/TP_Final_Robotica/install/tpf/lib/python3.10/site-packages/tpf.egg-link (link to .)
[1.191s] Installing likelihood_field_node script to /home/franny/Documentos/UdeSA/TP_Final_Robotica/install/tpf/lib/tpf
[1.191s] Installing localization_node script to /home/franny/Documentos/UdeSA/TP_Final_Robotica/install/tpf/lib/tpf
[1.191s] Installing map_publisher script to /home/franny/Documentos/UdeSA/TP_Final_Robotica/install/tpf/lib/tpf
[1.191s] Installing robot_node script to /home/franny/Documentos/UdeSA/TP_Final_Robotica/install/tpf/lib/tpf
[1.191s] 
[1.191s] Installed /home/franny/Documentos/UdeSA/TP_Final_Robotica/build/tpf
[1.191s] running symlink_data
[1.230s] Invoked command in '/home/franny/Documentos/UdeSA/TP_Final_Robotica/build/tpf' returned '0': PYTHONPATH=/home/franny/Documentos/UdeSA/TP_Final_Robotica/build/tpf/prefix_override:/usr/lib/python3/dist-packages/colcon_core/task/python/colcon_distutils_commands:/home/franny/Documentos/UdeSA/TP_Final_Robotica/install/tpf/lib/python3.10/site-packages:${PYTHONPATH} /usr/bin/python3 -W ignore:setup.py install is deprecated -W ignore:easy_install command is deprecated setup.py develop --editable --build-directory /home/franny/Documentos/UdeSA/TP_Final_Robotica/build/tpf/build --no-deps symlink_data
