[0.271s] Invoking command in '/home/alumno1/Downloads/TP_Final_Robotica-Localizing/build/tpf': PYTHONPATH=/home/alumno1/Downloads/TP_Final_Robotica-Localizing/build/tpf/prefix_override:/usr/lib/python3/dist-packages/colcon_core/task/python/colcon_distutils_commands:/home/alumno1/Downloads/TP_Final_Robotica-Localizing/install/tpf/lib/python3.10/site-packages:${PYTHONPATH} /usr/bin/python3 -W ignore:setup.py install is deprecated -W ignore:easy_install command is deprecated setup.py develop --editable --build-directory /home/alumno1/Downloads/TP_Final_Robotica-Localizing/build/tpf/build --no-deps symlink_data
[0.381s] running develop
[0.445s] running egg_info
[0.445s] writing tpf.egg-info/PKG-INFO
[0.445s] writing dependency_links to tpf.egg-info/dependency_links.txt
[0.445s] writing entry points to tpf.egg-info/entry_points.txt
[0.445s] writing requirements to tpf.egg-info/requires.txt
[0.445s] writing top-level names to tpf.egg-info/top_level.txt
[0.446s] reading manifest file 'tpf.egg-info/SOURCES.txt'
[0.446s] writing manifest file 'tpf.egg-info/SOURCES.txt'
[0.447s] running build_ext
[0.447s] Creating /home/alumno1/Downloads/TP_Final_Robotica-Localizing/install/tpf/lib/python3.10/site-packages/tpf.egg-link (link to .)
[0.447s] Installing likelihood_field_node script to /home/alumno1/Downloads/TP_Final_Robotica-Localizing/install/tpf/lib/tpf
[0.448s] Installing localization_node script to /home/alumno1/Downloads/TP_Final_Robotica-Localizing/install/tpf/lib/tpf
[0.448s] Installing map_publisher script to /home/alumno1/Downloads/TP_Final_Robotica-Localizing/install/tpf/lib/tpf
[0.448s] Installing robot_node script to /home/alumno1/Downloads/TP_Final_Robotica-Localizing/install/tpf/lib/tpf
[0.448s] 
[0.448s] Installed /home/alumno1/Downloads/TP_Final_Robotica-Localizing/build/tpf
[0.448s] running symlink_data
[0.459s] Invoked command in '/home/alumno1/Downloads/TP_Final_Robotica-Localizing/build/tpf' returned '0': PYTHONPATH=/home/alumno1/Downloads/TP_Final_Robotica-Localizing/build/tpf/prefix_override:/usr/lib/python3/dist-packages/colcon_core/task/python/colcon_distutils_commands:/home/alumno1/Downloads/TP_Final_Robotica-Localizing/install/tpf/lib/python3.10/site-packages:${PYTHONPATH} /usr/bin/python3 -W ignore:setup.py install is deprecated -W ignore:easy_install command is deprecated setup.py develop --editable --build-directory /home/alumno1/Downloads/TP_Final_Robotica-Localizing/build/tpf/build --no-deps symlink_data
