[0.122s] DEBUG:colcon:Command line arguments: ['/usr/bin/colcon', 'build']
[0.122s] DEBUG:colcon:Parsed command line arguments: Namespace(log_base=None, log_level=None, verb_name='build', build_base='build', install_base='install', merge_install=False, symlink_install=False, test_result_base=None, continue_on_error=False, executor='parallel', parallel_workers=16, event_handlers=None, ignore_user_meta=False, metas=['./colcon.meta'], base_paths=['.'], packages_ignore=None, packages_ignore_regex=None, paths=None, packages_up_to=None, packages_up_to_regex=None, packages_above=None, packages_above_and_dependencies=None, packages_above_depth=None, packages_select_by_dep=None, packages_skip_by_dep=None, packages_skip_up_to=None, packages_select_build_failed=False, packages_skip_build_finished=False, packages_select_test_failures=False, packages_skip_test_passed=False, packages_select=None, packages_skip=None, packages_select_regex=None, packages_skip_regex=None, packages_start=None, packages_end=None, allow_overriding=[], cmake_args=None, cmake_target=None, cmake_target_skip_unavailable=False, cmake_clean_cache=False, cmake_clean_first=False, cmake_force_configure=False, ament_cmake_args=None, catkin_cmake_args=None, catkin_skip_building_tests=False, mixin_files=None, mixin=None, verb_parser=<colcon_mixin.mixin.mixin_argument.MixinArgumentDecorator object at 0x76e6dea49360>, verb_extension=<colcon_core.verb.build.BuildVerb object at 0x76e6dea488b0>, main=<bound method BuildVerb.main of <colcon_core.verb.build.BuildVerb object at 0x76e6dea488b0>>, mixin_verb=('build',))
[0.305s] Level 1:colcon.colcon_core.package_discovery:discover_packages(colcon_meta) check parameters
[0.305s] Level 1:colcon.colcon_core.package_discovery:discover_packages(recursive) check parameters
[0.305s] Level 1:colcon.colcon_core.package_discovery:discover_packages(ignore) check parameters
[0.305s] Level 1:colcon.colcon_core.package_discovery:discover_packages(path) check parameters
[0.305s] Level 1:colcon.colcon_core.package_discovery:discover_packages(colcon_meta) discover
[0.305s] Level 1:colcon.colcon_core.package_discovery:discover_packages(recursive) discover
[0.306s] INFO:colcon.colcon_core.package_discovery:Crawling recursively for packages in '/home/romanella/Documents/ros2_ws/src/TP_Final_Robotica'
[0.306s] Level 1:colcon.colcon_core.package_identification:_identify(.) by extensions ['ignore', 'ignore_ament_install']
[0.306s] Level 1:colcon.colcon_core.package_identification:_identify(.) by extension 'ignore'
[0.306s] Level 1:colcon.colcon_core.package_identification:_identify(.) by extension 'ignore_ament_install'
[0.306s] Level 1:colcon.colcon_core.package_identification:_identify(.) by extensions ['colcon_pkg']
[0.306s] Level 1:colcon.colcon_core.package_identification:_identify(.) by extension 'colcon_pkg'
[0.306s] Level 1:colcon.colcon_core.package_identification:_identify(.) by extensions ['colcon_meta']
[0.306s] Level 1:colcon.colcon_core.package_identification:_identify(.) by extension 'colcon_meta'
[0.306s] Level 1:colcon.colcon_core.package_identification:_identify(.) by extensions ['ros']
[0.306s] Level 1:colcon.colcon_core.package_identification:_identify(.) by extension 'ros'
[0.317s] DEBUG:colcon.colcon_core.package_identification:Package '.' with type 'ros.ament_python' and name 'tpf'
[0.317s] Level 1:colcon.colcon_core.package_discovery:discover_packages(recursive) using defaults
[0.317s] Level 1:colcon.colcon_core.package_discovery:discover_packages(ignore) discover
[0.317s] Level 1:colcon.colcon_core.package_discovery:discover_packages(ignore) using defaults
[0.317s] Level 1:colcon.colcon_core.package_discovery:discover_packages(path) discover
[0.317s] Level 1:colcon.colcon_core.package_discovery:discover_packages(path) using defaults
[0.344s] Level 1:colcon.colcon_core.package_discovery:discover_packages(prefix_path) check parameters
[0.344s] Level 1:colcon.colcon_core.package_discovery:discover_packages(prefix_path) discover
[0.347s] DEBUG:colcon.colcon_installed_package_information.package_discovery:Found 9 installed packages in /home/romanella/Documents/ros2_ws/install
[0.347s] DEBUG:colcon.colcon_installed_package_information.package_discovery:Found 16 installed packages in /home/romanella/turtlebot3_ws/install
[0.349s] DEBUG:colcon.colcon_installed_package_information.package_discovery:Found 365 installed packages in /opt/ros/humble
[0.350s] Level 1:colcon.colcon_core.package_discovery:discover_packages(prefix_path) using defaults
[0.384s] Level 5:colcon.colcon_core.verb:set package 'tpf' build argument 'cmake_args' from command line to 'None'
[0.384s] Level 5:colcon.colcon_core.verb:set package 'tpf' build argument 'cmake_target' from command line to 'None'
[0.384s] Level 5:colcon.colcon_core.verb:set package 'tpf' build argument 'cmake_target_skip_unavailable' from command line to 'False'
[0.384s] Level 5:colcon.colcon_core.verb:set package 'tpf' build argument 'cmake_clean_cache' from command line to 'False'
[0.384s] Level 5:colcon.colcon_core.verb:set package 'tpf' build argument 'cmake_clean_first' from command line to 'False'
[0.384s] Level 5:colcon.colcon_core.verb:set package 'tpf' build argument 'cmake_force_configure' from command line to 'False'
[0.384s] Level 5:colcon.colcon_core.verb:set package 'tpf' build argument 'ament_cmake_args' from command line to 'None'
[0.384s] Level 5:colcon.colcon_core.verb:set package 'tpf' build argument 'catkin_cmake_args' from command line to 'None'
[0.384s] Level 5:colcon.colcon_core.verb:set package 'tpf' build argument 'catkin_skip_building_tests' from command line to 'False'
[0.384s] DEBUG:colcon.colcon_core.verb:Building package 'tpf' with the following arguments: {'ament_cmake_args': None, 'build_base': '/home/romanella/Documents/ros2_ws/src/TP_Final_Robotica/build/tpf', 'catkin_cmake_args': None, 'catkin_skip_building_tests': False, 'cmake_args': None, 'cmake_clean_cache': False, 'cmake_clean_first': False, 'cmake_force_configure': False, 'cmake_target': None, 'cmake_target_skip_unavailable': False, 'install_base': '/home/romanella/Documents/ros2_ws/src/TP_Final_Robotica/install/tpf', 'merge_install': False, 'path': '/home/romanella/Documents/ros2_ws/src/TP_Final_Robotica', 'symlink_install': False, 'test_result_base': None}
[0.384s] INFO:colcon.colcon_core.executor:Executing jobs using 'parallel' executor
[0.385s] DEBUG:colcon.colcon_parallel_executor.executor.parallel:run_until_complete
[0.385s] INFO:colcon.colcon_ros.task.ament_python.build:Building ROS package in '/home/romanella/Documents/ros2_ws/src/TP_Final_Robotica' with build type 'ament_python'
[0.385s] Level 1:colcon.colcon_core.shell:create_environment_hook('tpf', 'ament_prefix_path')
[0.389s] INFO:colcon.colcon_core.plugin_system:Skipping extension 'colcon_core.shell.bat': Not used on non-Windows systems
[0.389s] INFO:colcon.colcon_core.shell:Creating environment hook '/home/romanella/Documents/ros2_ws/src/TP_Final_Robotica/install/tpf/share/tpf/hook/ament_prefix_path.ps1'
[0.390s] INFO:colcon.colcon_core.shell:Creating environment descriptor '/home/romanella/Documents/ros2_ws/src/TP_Final_Robotica/install/tpf/share/tpf/hook/ament_prefix_path.dsv'
[0.391s] INFO:colcon.colcon_core.shell:Creating environment hook '/home/romanella/Documents/ros2_ws/src/TP_Final_Robotica/install/tpf/share/tpf/hook/ament_prefix_path.sh'
[0.391s] INFO:colcon.colcon_core.shell:Skip shell extension 'powershell' for command environment: Not usable outside of PowerShell
[0.391s] DEBUG:colcon.colcon_core.shell:Skip shell extension 'dsv' for command environment
[0.570s] WARNING:colcon.colcon_ros.task.ament_python.build:Package 'tpf' doesn't explicitly install a marker in the package index (colcon-ros currently does it implicitly but that fallback will be removed in the future)
[0.570s] WARNING:colcon.colcon_ros.task.ament_python.build:Package 'tpf' doesn't explicitly install the 'package.xml' file (colcon-ros currently does it implicitly but that fallback will be removed in the future)
[0.570s] INFO:colcon.colcon_core.task.python.build:Building Python package in '/home/romanella/Documents/ros2_ws/src/TP_Final_Robotica'
[0.571s] INFO:colcon.colcon_core.shell:Skip shell extension 'powershell' for command environment: Not usable outside of PowerShell
[0.571s] DEBUG:colcon.colcon_core.shell:Skip shell extension 'dsv' for command environment
[0.894s] DEBUG:colcon.colcon_core.event_handler.log_command:Invoking command in '/home/romanella/Documents/ros2_ws/src/TP_Final_Robotica': PYTHONPATH=/home/romanella/Documents/ros2_ws/src/TP_Final_Robotica/build/tpf/prefix_override:/usr/lib/python3/dist-packages/colcon_core/task/python/colcon_distutils_commands:/home/romanella/Documents/ros2_ws/src/TP_Final_Robotica/install/tpf/lib/python3.10/site-packages:${PYTHONPATH} /usr/bin/python3 -W ignore:setup.py install is deprecated -W ignore:easy_install command is deprecated setup.py egg_info --egg-base build/tpf build --build-base /home/romanella/Documents/ros2_ws/src/TP_Final_Robotica/build/tpf/build install --record /home/romanella/Documents/ros2_ws/src/TP_Final_Robotica/build/tpf/install.log --single-version-externally-managed install_data
[1.091s] DEBUG:colcon.colcon_core.event_handler.log_command:Invoked command in '/home/romanella/Documents/ros2_ws/src/TP_Final_Robotica' returned '0': PYTHONPATH=/home/romanella/Documents/ros2_ws/src/TP_Final_Robotica/build/tpf/prefix_override:/usr/lib/python3/dist-packages/colcon_core/task/python/colcon_distutils_commands:/home/romanella/Documents/ros2_ws/src/TP_Final_Robotica/install/tpf/lib/python3.10/site-packages:${PYTHONPATH} /usr/bin/python3 -W ignore:setup.py install is deprecated -W ignore:easy_install command is deprecated setup.py egg_info --egg-base build/tpf build --build-base /home/romanella/Documents/ros2_ws/src/TP_Final_Robotica/build/tpf/build install --record /home/romanella/Documents/ros2_ws/src/TP_Final_Robotica/build/tpf/install.log --single-version-externally-managed install_data
[1.097s] Level 1:colcon.colcon_core.environment:checking '/home/romanella/Documents/ros2_ws/src/TP_Final_Robotica/install/tpf' for CMake module files
[1.097s] Level 1:colcon.colcon_core.environment:checking '/home/romanella/Documents/ros2_ws/src/TP_Final_Robotica/install/tpf' for CMake config files
[1.097s] Level 1:colcon.colcon_core.environment:checking '/home/romanella/Documents/ros2_ws/src/TP_Final_Robotica/install/tpf/lib'
[1.097s] Level 1:colcon.colcon_core.environment:checking '/home/romanella/Documents/ros2_ws/src/TP_Final_Robotica/install/tpf/bin'
[1.097s] Level 1:colcon.colcon_core.environment:checking '/home/romanella/Documents/ros2_ws/src/TP_Final_Robotica/install/tpf/lib/pkgconfig/tpf.pc'
[1.098s] Level 1:colcon.colcon_core.environment:checking '/home/romanella/Documents/ros2_ws/src/TP_Final_Robotica/install/tpf/lib/python3.10/site-packages'
[1.098s] Level 1:colcon.colcon_core.shell:create_environment_hook('tpf', 'pythonpath')
[1.098s] INFO:colcon.colcon_core.shell:Creating environment hook '/home/romanella/Documents/ros2_ws/src/TP_Final_Robotica/install/tpf/share/tpf/hook/pythonpath.ps1'
[1.098s] INFO:colcon.colcon_core.shell:Creating environment descriptor '/home/romanella/Documents/ros2_ws/src/TP_Final_Robotica/install/tpf/share/tpf/hook/pythonpath.dsv'
[1.098s] INFO:colcon.colcon_core.shell:Creating environment hook '/home/romanella/Documents/ros2_ws/src/TP_Final_Robotica/install/tpf/share/tpf/hook/pythonpath.sh'
[1.099s] Level 1:colcon.colcon_core.environment:checking '/home/romanella/Documents/ros2_ws/src/TP_Final_Robotica/install/tpf/bin'
[1.099s] Level 1:colcon.colcon_core.environment:create_environment_scripts_only(tpf)
[1.099s] INFO:colcon.colcon_core.shell:Creating package script '/home/romanella/Documents/ros2_ws/src/TP_Final_Robotica/install/tpf/share/tpf/package.ps1'
[1.100s] INFO:colcon.colcon_core.shell:Creating package descriptor '/home/romanella/Documents/ros2_ws/src/TP_Final_Robotica/install/tpf/share/tpf/package.dsv'
[1.100s] INFO:colcon.colcon_core.shell:Creating package script '/home/romanella/Documents/ros2_ws/src/TP_Final_Robotica/install/tpf/share/tpf/package.sh'
[1.101s] INFO:colcon.colcon_core.shell:Creating package script '/home/romanella/Documents/ros2_ws/src/TP_Final_Robotica/install/tpf/share/tpf/package.bash'
[1.102s] INFO:colcon.colcon_core.shell:Creating package script '/home/romanella/Documents/ros2_ws/src/TP_Final_Robotica/install/tpf/share/tpf/package.zsh'
[1.102s] Level 1:colcon.colcon_core.environment:create_file_with_runtime_dependencies(/home/romanella/Documents/ros2_ws/src/TP_Final_Robotica/install/tpf/share/colcon-core/packages/tpf)
[1.103s] DEBUG:colcon.colcon_parallel_executor.executor.parallel:closing loop
[1.103s] DEBUG:colcon.colcon_parallel_executor.executor.parallel:loop closed
[1.103s] DEBUG:colcon.colcon_parallel_executor.executor.parallel:run_until_complete finished with '0'
[1.103s] DEBUG:colcon.colcon_core.event_reactor:joining thread
[1.109s] INFO:colcon.colcon_core.plugin_system:Skipping extension 'colcon_notification.desktop_notification.terminal_notifier': Not used on non-Darwin systems
[1.109s] INFO:colcon.colcon_core.plugin_system:Skipping extension 'colcon_notification.desktop_notification.win32': Not used on non-Windows systems
[1.109s] INFO:colcon.colcon_notification.desktop_notification:Sending desktop notification using 'notify2'
[1.120s] DEBUG:colcon.colcon_core.event_reactor:joined thread
[1.121s] INFO:colcon.colcon_core.shell:Creating prefix script '/home/romanella/Documents/ros2_ws/src/TP_Final_Robotica/install/local_setup.ps1'
[1.122s] INFO:colcon.colcon_core.shell:Creating prefix util module '/home/romanella/Documents/ros2_ws/src/TP_Final_Robotica/install/_local_setup_util_ps1.py'
[1.123s] INFO:colcon.colcon_core.shell:Creating prefix chain script '/home/romanella/Documents/ros2_ws/src/TP_Final_Robotica/install/setup.ps1'
[1.124s] INFO:colcon.colcon_core.shell:Creating prefix script '/home/romanella/Documents/ros2_ws/src/TP_Final_Robotica/install/local_setup.sh'
[1.125s] INFO:colcon.colcon_core.shell:Creating prefix util module '/home/romanella/Documents/ros2_ws/src/TP_Final_Robotica/install/_local_setup_util_sh.py'
[1.125s] INFO:colcon.colcon_core.shell:Creating prefix chain script '/home/romanella/Documents/ros2_ws/src/TP_Final_Robotica/install/setup.sh'
[1.127s] INFO:colcon.colcon_core.shell:Creating prefix script '/home/romanella/Documents/ros2_ws/src/TP_Final_Robotica/install/local_setup.bash'
[1.128s] INFO:colcon.colcon_core.shell:Creating prefix chain script '/home/romanella/Documents/ros2_ws/src/TP_Final_Robotica/install/setup.bash'
[1.130s] INFO:colcon.colcon_core.shell:Creating prefix script '/home/romanella/Documents/ros2_ws/src/TP_Final_Robotica/install/local_setup.zsh'
[1.130s] INFO:colcon.colcon_core.shell:Creating prefix chain script '/home/romanella/Documents/ros2_ws/src/TP_Final_Robotica/install/setup.zsh'
