[0.126s] [34mcolcon[0m [1;30mDEBUG[0m [32mCommand line arguments: ['/usr/bin/colcon', 'build', '--symlink-install'][0m
[0.126s] [34mcolcon[0m [1;30mDEBUG[0m [32mParsed command line arguments: Namespace(log_base=None, log_level=None, verb_name='build', build_base='build', install_base='install', merge_install=False, symlink_install=True, test_result_base=None, continue_on_error=False, executor='parallel', parallel_workers=16, event_handlers=None, ignore_user_meta=False, metas=['./colcon.meta'], base_paths=['.'], packages_ignore=None, packages_ignore_regex=None, paths=None, packages_up_to=None, packages_up_to_regex=None, packages_above=None, packages_above_and_dependencies=None, packages_above_depth=None, packages_select_by_dep=None, packages_skip_by_dep=None, packages_skip_up_to=None, packages_select_build_failed=False, packages_skip_build_finished=False, packages_select_test_failures=False, packages_skip_test_passed=False, packages_select=None, packages_skip=None, packages_select_regex=None, packages_skip_regex=None, packages_start=None, packages_end=None, allow_overriding=[], cmake_args=None, cmake_target=None, cmake_target_skip_unavailable=False, cmake_clean_cache=False, cmake_clean_first=False, cmake_force_configure=False, ament_cmake_args=None, catkin_cmake_args=None, catkin_skip_building_tests=False, mixin_files=None, mixin=None, verb_parser=<colcon_mixin.mixin.mixin_argument.MixinArgumentDecorator object at 0x75ecf3e63e50>, verb_extension=<colcon_core.verb.build.BuildVerb object at 0x75ecf3fa53f0>, main=<bound method BuildVerb.main of <colcon_core.verb.build.BuildVerb object at 0x75ecf3fa53f0>>, mixin_verb=('build',))[0m
[0.413s] [34mcolcon.colcon_core.package_discovery[0m [1;30mLevel 1[0m discover_packages(colcon_meta) check parameters
[0.413s] [34mcolcon.colcon_core.package_discovery[0m [1;30mLevel 1[0m discover_packages(recursive) check parameters
[0.413s] [34mcolcon.colcon_core.package_discovery[0m [1;30mLevel 1[0m discover_packages(ignore) check parameters
[0.413s] [34mcolcon.colcon_core.package_discovery[0m [1;30mLevel 1[0m discover_packages(path) check parameters
[0.413s] [34mcolcon.colcon_core.package_discovery[0m [1;30mLevel 1[0m discover_packages(colcon_meta) discover
[0.414s] [34mcolcon.colcon_core.package_discovery[0m [1;30mLevel 1[0m discover_packages(recursive) discover
[0.414s] [34mcolcon.colcon_core.package_discovery[0m [1;30mINFO[0m Crawling recursively for packages in '/home/franny/Documentos/UdeSA/TpFinalRobotica/TP_Final_Robotica'
[0.414s] [34mcolcon.colcon_core.package_identification[0m [1;30mLevel 1[0m _identify(.) by extensions ['ignore', 'ignore_ament_install']
[0.414s] [34mcolcon.colcon_core.package_identification[0m [1;30mLevel 1[0m _identify(.) by extension 'ignore'
[0.414s] [34mcolcon.colcon_core.package_identification[0m [1;30mLevel 1[0m _identify(.) by extension 'ignore_ament_install'
[0.414s] [34mcolcon.colcon_core.package_identification[0m [1;30mLevel 1[0m _identify(.) by extensions ['colcon_pkg']
[0.414s] [34mcolcon.colcon_core.package_identification[0m [1;30mLevel 1[0m _identify(.) by extension 'colcon_pkg'
[0.414s] [34mcolcon.colcon_core.package_identification[0m [1;30mLevel 1[0m _identify(.) by extensions ['colcon_meta']
[0.414s] [34mcolcon.colcon_core.package_identification[0m [1;30mLevel 1[0m _identify(.) by extension 'colcon_meta'
[0.414s] [34mcolcon.colcon_core.package_identification[0m [1;30mLevel 1[0m _identify(.) by extensions ['ros']
[0.414s] [34mcolcon.colcon_core.package_identification[0m [1;30mLevel 1[0m _identify(.) by extension 'ros'
[0.430s] [34mcolcon.colcon_core.package_identification[0m [1;30mDEBUG[0m [32mPackage '.' with type 'ros.ament_python' and name 'tpf'[0m
[0.430s] [34mcolcon.colcon_core.package_discovery[0m [1;30mLevel 1[0m discover_packages(recursive) using defaults
[0.430s] [34mcolcon.colcon_core.package_discovery[0m [1;30mLevel 1[0m discover_packages(ignore) discover
[0.430s] [34mcolcon.colcon_core.package_discovery[0m [1;30mLevel 1[0m discover_packages(ignore) using defaults
[0.430s] [34mcolcon.colcon_core.package_discovery[0m [1;30mLevel 1[0m discover_packages(path) discover
[0.430s] [34mcolcon.colcon_core.package_discovery[0m [1;30mLevel 1[0m discover_packages(path) using defaults
[0.450s] [34mcolcon.colcon_core.package_discovery[0m [1;30mLevel 1[0m discover_packages(prefix_path) check parameters
[0.450s] [34mcolcon.colcon_core.package_discovery[0m [1;30mLevel 1[0m discover_packages(prefix_path) discover
[0.451s] [34mcolcon.colcon_ros.prefix_path.ament[0m [1;30mWARNING[0m [33mThe path '/home/franny/Documentos/UdeSA/TpFinalRobotica/TP_Final_Robotica/install/TP_Final_Robotica' in the environment variable AMENT_PREFIX_PATH doesn't exist[0m
[0.451s] [34mcolcon.colcon_ros.prefix_path.ament[0m [1;30mWARNING[0m [33mThe path '/home/franny/Documentos/UdeSA/TpFinalRobotica/TP_Final_Robotica/install/tpf' in the environment variable AMENT_PREFIX_PATH doesn't exist[0m
[0.453s] [34mcolcon.colcon_installed_package_information.package_discovery[0m [1;30mDEBUG[0m [32mFound 0 installed packages in /home/franny/Documentos/UdeSA/TpFinalRobotica/TP_Final_Robotica/install[0m
[0.453s] [34mcolcon.colcon_installed_package_information.package_discovery[0m [1;30mDEBUG[0m [32mFound 6 installed packages in /home/franny/Documentos/ros2_ws/install[0m
[0.454s] [34mcolcon.colcon_installed_package_information.package_discovery[0m [1;30mDEBUG[0m [32mFound 17 installed packages in /home/franny/turtlebot3_ws/install[0m
[0.456s] [34mcolcon.colcon_installed_package_information.package_discovery[0m [1;30mDEBUG[0m [32mFound 401 installed packages in /opt/ros/humble[0m
[0.460s] [34mcolcon.colcon_core.package_discovery[0m [1;30mLevel 1[0m discover_packages(prefix_path) using defaults
[0.515s] [34mcolcon.colcon_core.verb[0m [1;30mLevel 5[0m set package 'tpf' build argument 'cmake_args' from command line to 'None'
[0.515s] [34mcolcon.colcon_core.verb[0m [1;30mLevel 5[0m set package 'tpf' build argument 'cmake_target' from command line to 'None'
[0.515s] [34mcolcon.colcon_core.verb[0m [1;30mLevel 5[0m set package 'tpf' build argument 'cmake_target_skip_unavailable' from command line to 'False'
[0.515s] [34mcolcon.colcon_core.verb[0m [1;30mLevel 5[0m set package 'tpf' build argument 'cmake_clean_cache' from command line to 'False'
[0.515s] [34mcolcon.colcon_core.verb[0m [1;30mLevel 5[0m set package 'tpf' build argument 'cmake_clean_first' from command line to 'False'
[0.515s] [34mcolcon.colcon_core.verb[0m [1;30mLevel 5[0m set package 'tpf' build argument 'cmake_force_configure' from command line to 'False'
[0.515s] [34mcolcon.colcon_core.verb[0m [1;30mLevel 5[0m set package 'tpf' build argument 'ament_cmake_args' from command line to 'None'
[0.515s] [34mcolcon.colcon_core.verb[0m [1;30mLevel 5[0m set package 'tpf' build argument 'catkin_cmake_args' from command line to 'None'
[0.516s] [34mcolcon.colcon_core.verb[0m [1;30mLevel 5[0m set package 'tpf' build argument 'catkin_skip_building_tests' from command line to 'False'
[0.516s] [34mcolcon.colcon_core.verb[0m [1;30mDEBUG[0m [32mBuilding package 'tpf' with the following arguments: {'ament_cmake_args': None, 'build_base': '/home/franny/Documentos/UdeSA/TpFinalRobotica/TP_Final_Robotica/build/tpf', 'catkin_cmake_args': None, 'catkin_skip_building_tests': False, 'cmake_args': None, 'cmake_clean_cache': False, 'cmake_clean_first': False, 'cmake_force_configure': False, 'cmake_target': None, 'cmake_target_skip_unavailable': False, 'install_base': '/home/franny/Documentos/UdeSA/TpFinalRobotica/TP_Final_Robotica/install/tpf', 'merge_install': False, 'path': '/home/franny/Documentos/UdeSA/TpFinalRobotica/TP_Final_Robotica', 'symlink_install': True, 'test_result_base': None}[0m
[0.516s] [34mcolcon.colcon_core.executor[0m [1;30mINFO[0m Executing jobs using 'parallel' executor
[0.517s] [34mcolcon.colcon_parallel_executor.executor.parallel[0m [1;30mDEBUG[0m [32mrun_until_complete[0m
[0.517s] [34mcolcon.colcon_ros.task.ament_python.build[0m [1;30mINFO[0m Building ROS package in '/home/franny/Documentos/UdeSA/TpFinalRobotica/TP_Final_Robotica' with build type 'ament_python'
[0.518s] [34mcolcon.colcon_core.shell[0m [1;30mLevel 1[0m create_environment_hook('tpf', 'ament_prefix_path')
[0.520s] [34mcolcon.colcon_core.plugin_system[0m [1;30mINFO[0m Skipping extension 'colcon_core.shell.bat': Not used on non-Windows systems
[0.520s] [34mcolcon.colcon_core.shell[0m [1;30mINFO[0m Creating environment hook '/home/franny/Documentos/UdeSA/TpFinalRobotica/TP_Final_Robotica/install/tpf/share/tpf/hook/ament_prefix_path.ps1'
[0.521s] [34mcolcon.colcon_core.shell[0m [1;30mINFO[0m Creating environment descriptor '/home/franny/Documentos/UdeSA/TpFinalRobotica/TP_Final_Robotica/install/tpf/share/tpf/hook/ament_prefix_path.dsv'
[0.521s] [34mcolcon.colcon_core.shell[0m [1;30mINFO[0m Creating environment hook '/home/franny/Documentos/UdeSA/TpFinalRobotica/TP_Final_Robotica/install/tpf/share/tpf/hook/ament_prefix_path.sh'
[0.522s] [34mcolcon.colcon_core.shell[0m [1;30mINFO[0m Skip shell extension 'powershell' for command environment: Not usable outside of PowerShell
[0.522s] [34mcolcon.colcon_core.shell[0m [1;30mDEBUG[0m [32mSkip shell extension 'dsv' for command environment[0m
[0.910s] [34mcolcon.colcon_core.task.python.build[0m [1;30mINFO[0m Building Python package in '/home/franny/Documentos/UdeSA/TpFinalRobotica/TP_Final_Robotica'
[0.911s] [34mcolcon.colcon_core.shell[0m [1;30mINFO[0m Skip shell extension 'powershell' for command environment: Not usable outside of PowerShell
[0.911s] [34mcolcon.colcon_core.shell[0m [1;30mDEBUG[0m [32mSkip shell extension 'dsv' for command environment[0m
[1.389s] [34mcolcon.colcon_core.event_handler.log_command[0m [1;30mDEBUG[0m [32mInvoking command in '/home/franny/Documentos/UdeSA/TpFinalRobotica/TP_Final_Robotica/build/tpf': PYTHONPATH=/home/franny/Documentos/UdeSA/TpFinalRobotica/TP_Final_Robotica/build/tpf/prefix_override:/usr/lib/python3/dist-packages/colcon_core/task/python/colcon_distutils_commands:/home/franny/Documentos/UdeSA/TpFinalRobotica/TP_Final_Robotica/install/tpf/lib/python3.10/site-packages:${PYTHONPATH} /usr/bin/python3 -W ignore:setup.py install is deprecated -W ignore:easy_install command is deprecated setup.py develop --editable --build-directory /home/franny/Documentos/UdeSA/TpFinalRobotica/TP_Final_Robotica/build/tpf/build --no-deps symlink_data[0m
[1.977s] [34mcolcon.colcon_core.shell[0m [1;30mLevel 1[0m create_environment_hook('tpf', 'pythonpath_develop')
[1.977s] [34mcolcon.colcon_core.shell[0m [1;30mINFO[0m Creating environment hook '/home/franny/Documentos/UdeSA/TpFinalRobotica/TP_Final_Robotica/build/tpf/share/tpf/hook/pythonpath_develop.ps1'
[1.978s] [34mcolcon.colcon_core.event_handler.log_command[0m [1;30mDEBUG[0m [32mInvoked command in '/home/franny/Documentos/UdeSA/TpFinalRobotica/TP_Final_Robotica/build/tpf' returned '0': PYTHONPATH=/home/franny/Documentos/UdeSA/TpFinalRobotica/TP_Final_Robotica/build/tpf/prefix_override:/usr/lib/python3/dist-packages/colcon_core/task/python/colcon_distutils_commands:/home/franny/Documentos/UdeSA/TpFinalRobotica/TP_Final_Robotica/install/tpf/lib/python3.10/site-packages:${PYTHONPATH} /usr/bin/python3 -W ignore:setup.py install is deprecated -W ignore:easy_install command is deprecated setup.py develop --editable --build-directory /home/franny/Documentos/UdeSA/TpFinalRobotica/TP_Final_Robotica/build/tpf/build --no-deps symlink_data[0m
[1.978s] [34mcolcon.colcon_core.shell[0m [1;30mINFO[0m Creating environment descriptor '/home/franny/Documentos/UdeSA/TpFinalRobotica/TP_Final_Robotica/build/tpf/share/tpf/hook/pythonpath_develop.dsv'
[1.979s] [34mcolcon.colcon_core.shell[0m [1;30mINFO[0m Creating environment hook '/home/franny/Documentos/UdeSA/TpFinalRobotica/TP_Final_Robotica/build/tpf/share/tpf/hook/pythonpath_develop.sh'
[1.983s] [34mcolcon.colcon_core.environment[0m [1;30mLevel 1[0m checking '/home/franny/Documentos/UdeSA/TpFinalRobotica/TP_Final_Robotica/install/tpf' for CMake module files
[1.984s] [34mcolcon.colcon_core.environment[0m [1;30mLevel 1[0m checking '/home/franny/Documentos/UdeSA/TpFinalRobotica/TP_Final_Robotica/install/tpf' for CMake config files
[1.985s] [34mcolcon.colcon_core.environment[0m [1;30mLevel 1[0m checking '/home/franny/Documentos/UdeSA/TpFinalRobotica/TP_Final_Robotica/install/tpf/lib'
[1.985s] [34mcolcon.colcon_core.environment[0m [1;30mLevel 1[0m checking '/home/franny/Documentos/UdeSA/TpFinalRobotica/TP_Final_Robotica/install/tpf/bin'
[1.985s] [34mcolcon.colcon_core.environment[0m [1;30mLevel 1[0m checking '/home/franny/Documentos/UdeSA/TpFinalRobotica/TP_Final_Robotica/install/tpf/lib/pkgconfig/tpf.pc'
[1.985s] [34mcolcon.colcon_core.environment[0m [1;30mLevel 1[0m checking '/home/franny/Documentos/UdeSA/TpFinalRobotica/TP_Final_Robotica/install/tpf/lib/python3.10/site-packages'
[1.985s] [34mcolcon.colcon_core.shell[0m [1;30mLevel 1[0m create_environment_hook('tpf', 'pythonpath')
[1.986s] [34mcolcon.colcon_core.shell[0m [1;30mINFO[0m Creating environment hook '/home/franny/Documentos/UdeSA/TpFinalRobotica/TP_Final_Robotica/install/tpf/share/tpf/hook/pythonpath.ps1'
[1.986s] [34mcolcon.colcon_core.shell[0m [1;30mINFO[0m Creating environment descriptor '/home/franny/Documentos/UdeSA/TpFinalRobotica/TP_Final_Robotica/install/tpf/share/tpf/hook/pythonpath.dsv'
[1.987s] [34mcolcon.colcon_core.shell[0m [1;30mINFO[0m Creating environment hook '/home/franny/Documentos/UdeSA/TpFinalRobotica/TP_Final_Robotica/install/tpf/share/tpf/hook/pythonpath.sh'
[1.988s] [34mcolcon.colcon_core.environment[0m [1;30mLevel 1[0m checking '/home/franny/Documentos/UdeSA/TpFinalRobotica/TP_Final_Robotica/install/tpf/bin'
[1.988s] [34mcolcon.colcon_core.environment[0m [1;30mLevel 1[0m create_environment_scripts_only(tpf)
[1.988s] [34mcolcon.colcon_core.shell[0m [1;30mINFO[0m Creating package script '/home/franny/Documentos/UdeSA/TpFinalRobotica/TP_Final_Robotica/install/tpf/share/tpf/package.ps1'
[1.990s] [34mcolcon.colcon_core.shell[0m [1;30mINFO[0m Creating package descriptor '/home/franny/Documentos/UdeSA/TpFinalRobotica/TP_Final_Robotica/install/tpf/share/tpf/package.dsv'
[1.990s] [34mcolcon.colcon_core.shell[0m [1;30mINFO[0m Creating package script '/home/franny/Documentos/UdeSA/TpFinalRobotica/TP_Final_Robotica/install/tpf/share/tpf/package.sh'
[1.991s] [34mcolcon.colcon_core.shell[0m [1;30mINFO[0m Creating package script '/home/franny/Documentos/UdeSA/TpFinalRobotica/TP_Final_Robotica/install/tpf/share/tpf/package.bash'
[1.992s] [34mcolcon.colcon_core.shell[0m [1;30mINFO[0m Creating package script '/home/franny/Documentos/UdeSA/TpFinalRobotica/TP_Final_Robotica/install/tpf/share/tpf/package.zsh'
[1.994s] [34mcolcon.colcon_core.environment[0m [1;30mLevel 1[0m create_file_with_runtime_dependencies(/home/franny/Documentos/UdeSA/TpFinalRobotica/TP_Final_Robotica/install/tpf/share/colcon-core/packages/tpf)
[1.994s] [34mcolcon.colcon_parallel_executor.executor.parallel[0m [1;30mDEBUG[0m [32mclosing loop[0m
[1.995s] [34mcolcon.colcon_parallel_executor.executor.parallel[0m [1;30mDEBUG[0m [32mloop closed[0m
[1.995s] [34mcolcon.colcon_parallel_executor.executor.parallel[0m [1;30mDEBUG[0m [32mrun_until_complete finished with '0'[0m
[1.995s] [34mcolcon.colcon_core.event_reactor[0m [1;30mDEBUG[0m [32mjoining thread[0m
[2.003s] [34mcolcon.colcon_core.plugin_system[0m [1;30mINFO[0m Skipping extension 'colcon_notification.desktop_notification.terminal_notifier': Not used on non-Darwin systems
[2.004s] [34mcolcon.colcon_core.plugin_system[0m [1;30mINFO[0m Skipping extension 'colcon_notification.desktop_notification.win32': Not used on non-Windows systems
[2.004s] [34mcolcon.colcon_notification.desktop_notification[0m [1;30mINFO[0m Sending desktop notification using 'notify2'
[2.015s] [34mcolcon.colcon_core.event_reactor[0m [1;30mDEBUG[0m [32mjoined thread[0m
[2.016s] [34mcolcon.colcon_core.shell[0m [1;30mINFO[0m Creating prefix script '/home/franny/Documentos/UdeSA/TpFinalRobotica/TP_Final_Robotica/install/local_setup.ps1'
[2.017s] [34mcolcon.colcon_core.shell[0m [1;30mINFO[0m Creating prefix util module '/home/franny/Documentos/UdeSA/TpFinalRobotica/TP_Final_Robotica/install/_local_setup_util_ps1.py'
[2.019s] [34mcolcon.colcon_core.shell[0m [1;30mINFO[0m Creating prefix chain script '/home/franny/Documentos/UdeSA/TpFinalRobotica/TP_Final_Robotica/install/setup.ps1'
[2.022s] [34mcolcon.colcon_core.shell[0m [1;30mINFO[0m Creating prefix script '/home/franny/Documentos/UdeSA/TpFinalRobotica/TP_Final_Robotica/install/local_setup.sh'
[2.024s] [34mcolcon.colcon_core.shell[0m [1;30mINFO[0m Creating prefix util module '/home/franny/Documentos/UdeSA/TpFinalRobotica/TP_Final_Robotica/install/_local_setup_util_sh.py'
[2.025s] [34mcolcon.colcon_core.shell[0m [1;30mINFO[0m Creating prefix chain script '/home/franny/Documentos/UdeSA/TpFinalRobotica/TP_Final_Robotica/install/setup.sh'
[2.028s] [34mcolcon.colcon_core.shell[0m [1;30mINFO[0m Creating prefix script '/home/franny/Documentos/UdeSA/TpFinalRobotica/TP_Final_Robotica/install/local_setup.bash'
[2.029s] [34mcolcon.colcon_core.shell[0m [1;30mINFO[0m Creating prefix chain script '/home/franny/Documentos/UdeSA/TpFinalRobotica/TP_Final_Robotica/install/setup.bash'
[2.032s] [34mcolcon.colcon_core.shell[0m [1;30mINFO[0m Creating prefix script '/home/franny/Documentos/UdeSA/TpFinalRobotica/TP_Final_Robotica/install/local_setup.zsh'
[2.033s] [34mcolcon.colcon_core.shell[0m [1;30mINFO[0m Creating prefix chain script '/home/franny/Documentos/UdeSA/TpFinalRobotica/TP_Final_Robotica/install/setup.zsh'
