[0.678s] Invoking command in '/home/franny/Documentos/UdeSA/TP_Final_Robotica/build/tpf': PYTHONPATH=/home/franny/Documentos/UdeSA/TP_Final_Robotica/build/tpf/prefix_override:/usr/lib/python3/dist-packages/colcon_core/task/python/colcon_distutils_commands:/home/franny/Documentos/UdeSA/TP_Final_Robotica/install/tpf/lib/python3.10/site-packages:${PYTHONPATH} /usr/bin/python3 -W ignore:setup.py install is deprecated -W ignore:easy_install command is deprecated setup.py develop --editable --build-directory /home/franny/Documentos/UdeSA/TP_Final_Robotica/build/tpf/build --no-deps symlink_data
[0.957s] running develop
[1.176s] running egg_info
[1.176s] writing tpf.egg-info/PKG-INFO
[1.176s] writing dependency_links to tpf.egg-info/dependency_links.txt
[1.176s] writing entry points to tpf.egg-info/entry_points.txt
[1.177s] writing requirements to tpf.egg-info/requires.txt
[1.177s] writing top-level names to tpf.egg-info/top_level.txt
[1.179s] reading manifest file 'tpf.egg-info/SOURCES.txt'
[1.179s] writing manifest file 'tpf.egg-info/SOURCES.txt'
[1.181s] running build_ext
[1.181s] Creating /home/franny/Documentos/UdeSA/TP_Final_Robotica/install/tpf/lib/python3.10/site-packages/tpf.egg-link (link to .)
[1.182s] Installing likelihood_field_node script to /home/franny/Documentos/UdeSA/TP_Final_Robotica/install/tpf/lib/tpf
[1.182s] Installing localization_node script to /home/franny/Documentos/UdeSA/TP_Final_Robotica/install/tpf/lib/tpf
[1.182s] Installing map_publisher script to /home/franny/Documentos/UdeSA/TP_Final_Robotica/install/tpf/lib/tpf
[1.182s] Installing robot_node script to /home/franny/Documentos/UdeSA/TP_Final_Robotica/install/tpf/lib/tpf
[1.183s] 
[1.183s] Installed /home/franny/Documentos/UdeSA/TP_Final_Robotica/build/tpf
[1.183s] running symlink_data
[1.222s] Invoked command in '/home/franny/Documentos/UdeSA/TP_Final_Robotica/build/tpf' returned '0': PYTHONPATH=/home/franny/Documentos/UdeSA/TP_Final_Robotica/build/tpf/prefix_override:/usr/lib/python3/dist-packages/colcon_core/task/python/colcon_distutils_commands:/home/franny/Documentos/UdeSA/TP_Final_Robotica/install/tpf/lib/python3.10/site-packages:${PYTHONPATH} /usr/bin/python3 -W ignore:setup.py install is deprecated -W ignore:easy_install command is deprecated setup.py develop --editable --build-directory /home/franny/Documentos/UdeSA/TP_Final_Robotica/build/tpf/build --no-deps symlink_data
